14:21:24 **** Incremental Build of configuration Default for project Ehample_1h ****
make all 
[1;34mCompiling main.c[0m
main.c:383:1: warning: function declaration isn't a prototype [-Wstrict-prototypes]
 void Turn_right();        // Function to turn left
 ^~~~
main.c:384:1: warning: function declaration isn't a prototype [-Wstrict-prototypes]
 void Turn_left();         // Function to turn right
 ^~~~
main.c:385:1: warning: function declaration isn't a prototype [-Wstrict-prototypes]
 void reverse();           // Function to reverse
 ^~~~
main.c:386:1: warning: function declaration isn't a prototype [-Wstrict-prototypes]
 void forward();           // Function to move forward
 ^~~~
main.c:387:1: warning: function declaration isn't a prototype [-Wstrict-prototypes]
 void Around();            // Function to turn around
 ^~~~
main.c:388:1: warning: function declaration isn't a prototype [-Wstrict-prototypes]
 void stop();              // Function to stop the robot
 ^~~~
main.c:389:1: warning: function declaration isn't a prototype [-Wstrict-prototypes]
 void prox_vals();         // Function to get the proximity sensors data
 ^~~~
main.c:391:1: warning: function declaration isn't a prototype [-Wstrict-prototypes]
 void dist_vals();          // Function to obtain distance sensor value
 ^~~~
main.c: In function 'main':
main.c:437:9: warning: implicit declaration of function 'follow'; did you mean 'floor'? [-Wimplicit-function-declaration]
         follow();
         ^~~~~~
         floor
main.c:424:8: warning: unused variable 'Prox_thresh' [-Wunused-variable]
    int Prox_thresh = 200;
        ^~~~~~~~~~~
main.c: At top level:
main.c:459:6: warning: function declaration isn't a prototype [-Wstrict-prototypes]
 void stop()
      ^~~~
main.c:465:6: warning: function declaration isn't a prototype [-Wstrict-prototypes]
 void Turn_right()
      ^~~~~~~~~~
main.c:471:6: warning: function declaration isn't a prototype [-Wstrict-prototypes]
 void Turn_left()
      ^~~~~~~~~
main.c:477:6: warning: function declaration isn't a prototype [-Wstrict-prototypes]
 void reverse()
      ^~~~~~~
main.c:483:6: warning: function declaration isn't a prototype [-Wstrict-prototypes]
 void forward()
      ^~~~~~~
main.c:489:6: warning: function declaration isn't a prototype [-Wstrict-prototypes]
 void Around()
      ^~~~~~
main.c:499:6: warning: function declaration isn't a prototype [-Wstrict-prototypes]
 void prox_vals()
      ^~~~~~~~~
main.c:511:6: warning: function declaration isn't a prototype [-Wstrict-prototypes]
 void dist_vals()
      ^~~~~~~~~
main.c:569:6: warning: function declaration isn't a prototype [-Wstrict-prototypes]
 void follow()
      ^~~~~~
main.c:569:6: warning: conflicting types for 'follow'
main.c:437:9: note: previous implicit declaration of 'follow' was here
         follow();
         ^~~~~~
[1;34mLinking build/Project_template.elf[0m
[1;34mCreating build/Project_template.hex[0m
[1;34mCreating build/Project_template.bin[0m
[1;34mCreating build/Project_template.dmp[0m

   text	   data	    bss	    dec	    hex	filename
  79700	   3708	   9900	  93308	  16c7c	build/Project_template.elf
[1;34mCreating build/Project_template.list[0m

[1;34mDone[0m
14:21:27 **** Incremental Build of configuration Default for project Ehample_1h ****
make all 
make: Nothing to be done for 'all'.
14:24:42 **** Incremental Build of configuration Default for project Ehample_1h ****
make all 
make: Nothing to be done for 'all'.
14:25:13 **** Incremental Build of configuration Default for project Ehample_1h ****
make all 
make: Nothing to be done for 'all'.
14:31:50 **** Incremental Build of configuration Default for project Ehample_1h ****
make all 
[1;34mCompiling main.c[0m
main.c:383:1: warning: function declaration isn't a prototype [-Wstrict-prototypes]
 void Turn_right();        // Function to turn left
 ^~~~
main.c:384:1: warning: function declaration isn't a prototype [-Wstrict-prototypes]
 void Turn_left();         // Function to turn right
 ^~~~
main.c:385:1: warning: function declaration isn't a prototype [-Wstrict-prototypes]
 void reverse();           // Function to reverse
 ^~~~
main.c:386:1: warning: function declaration isn't a prototype [-Wstrict-prototypes]
 void forward();           // Function to move forward
 ^~~~
main.c:387:1: warning: function declaration isn't a prototype [-Wstrict-prototypes]
 void Around();            // Function to turn around
 ^~~~
main.c:388:1: warning: function declaration isn't a prototype [-Wstrict-prototypes]
 void stop();              // Function to stop the robot
 ^~~~
main.c:389:1: warning: function declaration isn't a prototype [-Wstrict-prototypes]
 void prox_vals();         // Function to get the proximity sensors data
 ^~~~
main.c:391:1: warning: function declaration isn't a prototype [-Wstrict-prototypes]
 void dist_vals();          // Function to obtain distance sensor value
 ^~~~
main.c: In function 'main':
main.c:437:9: warning: implicit declaration of function 'follow'; did you mean 'floor'? [-Wimplicit-function-declaration]
         follow();
         ^~~~~~
         floor
main.c:424:8: warning: unused variable 'Prox_thresh' [-Wunused-variable]
    int Prox_thresh = 200;
        ^~~~~~~~~~~
main.c: At top level:
main.c:459:6: warning: function declaration isn't a prototype [-Wstrict-prototypes]
 void stop()
      ^~~~
main.c:465:6: warning: function declaration isn't a prototype [-Wstrict-prototypes]
 void Turn_right()
      ^~~~~~~~~~
main.c:471:6: warning: function declaration isn't a prototype [-Wstrict-prototypes]
 void Turn_left()
      ^~~~~~~~~
main.c:477:6: warning: function declaration isn't a prototype [-Wstrict-prototypes]
 void reverse()
      ^~~~~~~
main.c:483:6: warning: function declaration isn't a prototype [-Wstrict-prototypes]
 void forward()
      ^~~~~~~
main.c:489:6: warning: function declaration isn't a prototype [-Wstrict-prototypes]
 void Around()
      ^~~~~~
main.c:499:6: warning: function declaration isn't a prototype [-Wstrict-prototypes]
 void prox_vals()
      ^~~~~~~~~
main.c:511:6: warning: function declaration isn't a prototype [-Wstrict-prototypes]
 void dist_vals()
      ^~~~~~~~~
main.c:569:6: warning: function declaration isn't a prototype [-Wstrict-prototypes]
 void follow()
      ^~~~~~
main.c:569:6: warning: conflicting types for 'follow'
main.c:437:9: note: previous implicit declaration of 'follow' was here
         follow();
         ^~~~~~
[1;34mLinking build/Project_template.elf[0m
[1;34mCreating build/Project_template.hex[0m
[1;34mCreating build/Project_template.bin[0m
[1;34mCreating build/Project_template.dmp[0m

   text	   data	    bss	    dec	    hex	filename
  79764	   3708	   9900	  93372	  16cbc	build/Project_template.elf
[1;34mCreating build/Project_template.list[0m

[1;34mDone[0m
14:31:52 **** Incremental Build of configuration Default for project Ehample_1h ****
make all 
make: Nothing to be done for 'all'.
14:33:14 **** Incremental Build of configuration Default for project Ehample_1h ****
make all 
[1;34mCompiling main.c[0m
main.c:383:1: warning: function declaration isn't a prototype [-Wstrict-prototypes]
 void Turn_right();        // Function to turn left
 ^~~~
main.c:384:1: warning: function declaration isn't a prototype [-Wstrict-prototypes]
 void Turn_left();         // Function to turn right
 ^~~~
main.c:385:1: warning: function declaration isn't a prototype [-Wstrict-prototypes]
 void reverse();           // Function to reverse
 ^~~~
main.c:386:1: warning: function declaration isn't a prototype [-Wstrict-prototypes]
 void forward();           // Function to move forward
 ^~~~
main.c:387:1: warning: function declaration isn't a prototype [-Wstrict-prototypes]
 void Around();            // Function to turn around
 ^~~~
main.c:388:1: warning: function declaration isn't a prototype [-Wstrict-prototypes]
 void stop();              // Function to stop the robot
 ^~~~
main.c:389:1: warning: function declaration isn't a prototype [-Wstrict-prototypes]
 void prox_vals();         // Function to get the proximity sensors data
 ^~~~
main.c:391:1: warning: function declaration isn't a prototype [-Wstrict-prototypes]
 void dist_vals();          // Function to obtain distance sensor value
 ^~~~
main.c: In function 'main':
main.c:437:9: warning: implicit declaration of function 'follow'; did you mean 'floor'? [-Wimplicit-function-declaration]
         follow();
         ^~~~~~
         floor
main.c:424:8: warning: unused variable 'Prox_thresh' [-Wunused-variable]
    int Prox_thresh = 200;
        ^~~~~~~~~~~
main.c: At top level:
main.c:459:6: warning: function declaration isn't a prototype [-Wstrict-prototypes]
 void stop()
      ^~~~
main.c:465:6: warning: function declaration isn't a prototype [-Wstrict-prototypes]
 void Turn_right()
      ^~~~~~~~~~
main.c:471:6: warning: function declaration isn't a prototype [-Wstrict-prototypes]
 void Turn_left()
      ^~~~~~~~~
main.c:477:6: warning: function declaration isn't a prototype [-Wstrict-prototypes]
 void reverse()
      ^~~~~~~
main.c:483:6: warning: function declaration isn't a prototype [-Wstrict-prototypes]
 void forward()
      ^~~~~~~
main.c:489:6: warning: function declaration isn't a prototype [-Wstrict-prototypes]
 void Around()
      ^~~~~~
main.c:499:6: warning: function declaration isn't a prototype [-Wstrict-prototypes]
 void prox_vals()
      ^~~~~~~~~
main.c:511:6: warning: function declaration isn't a prototype [-Wstrict-prototypes]
 void dist_vals()
      ^~~~~~~~~
main.c:569:6: warning: function declaration isn't a prototype [-Wstrict-prototypes]
 void follow()
      ^~~~~~
main.c:569:6: warning: conflicting types for 'follow'
main.c:437:9: note: previous implicit declaration of 'follow' was here
         follow();
         ^~~~~~
[1;34mLinking build/Project_template.elf[0m
[1;34mCreating build/Project_template.hex[0m
[1;34mCreating build/Project_template.bin[0m
[1;34mCreating build/Project_template.dmp[0m

   text	   data	    bss	    dec	    hex	filename
  79748	   3708	   9900	  93356	  16cac	build/Project_template.elf
[1;34mCreating build/Project_template.list[0m

[1;34mDone[0m
14:33:17 **** Incremental Build of configuration Default for project Ehample_1h ****
make all 
make: Nothing to be done for 'all'.
14:35:25 **** Incremental Build of configuration Default for project Ehample_1h ****
make all 
[1;34mCompiling main.c[0m
main.c:383:1: warning: function declaration isn't a prototype [-Wstrict-prototypes]
 void Turn_right();        // Function to turn left
 ^~~~
main.c:384:1: warning: function declaration isn't a prototype [-Wstrict-prototypes]
 void Turn_left();         // Function to turn right
 ^~~~
main.c:385:1: warning: function declaration isn't a prototype [-Wstrict-prototypes]
 void reverse();           // Function to reverse
 ^~~~
main.c:386:1: warning: function declaration isn't a prototype [-Wstrict-prototypes]
 void forward();           // Function to move forward
 ^~~~
main.c:387:1: warning: function declaration isn't a prototype [-Wstrict-prototypes]
 void Around();            // Function to turn around
 ^~~~
main.c:388:1: warning: function declaration isn't a prototype [-Wstrict-prototypes]
 void stop();              // Function to stop the robot
 ^~~~
main.c:389:1: warning: function declaration isn't a prototype [-Wstrict-prototypes]
 void prox_vals();         // Function to get the proximity sensors data
 ^~~~
main.c:391:1: warning: function declaration isn't a prototype [-Wstrict-prototypes]
 void dist_vals();          // Function to obtain distance sensor value
 ^~~~
main.c: In function 'main':
main.c:437:9: warning: implicit declaration of function 'follow'; did you mean 'floor'? [-Wimplicit-function-declaration]
         follow();
         ^~~~~~
         floor
main.c:424:8: warning: unused variable 'Prox_thresh' [-Wunused-variable]
    int Prox_thresh = 200;
        ^~~~~~~~~~~
main.c: At top level:
main.c:459:6: warning: function declaration isn't a prototype [-Wstrict-prototypes]
 void stop()
      ^~~~
main.c:465:6: warning: function declaration isn't a prototype [-Wstrict-prototypes]
 void Turn_right()
      ^~~~~~~~~~
main.c:471:6: warning: function declaration isn't a prototype [-Wstrict-prototypes]
 void Turn_left()
      ^~~~~~~~~
main.c:477:6: warning: function declaration isn't a prototype [-Wstrict-prototypes]
 void reverse()
      ^~~~~~~
main.c:483:6: warning: function declaration isn't a prototype [-Wstrict-prototypes]
 void forward()
      ^~~~~~~
main.c:489:6: warning: function declaration isn't a prototype [-Wstrict-prototypes]
 void Around()
      ^~~~~~
main.c:499:6: warning: function declaration isn't a prototype [-Wstrict-prototypes]
 void prox_vals()
      ^~~~~~~~~
main.c:511:6: warning: function declaration isn't a prototype [-Wstrict-prototypes]
 void dist_vals()
      ^~~~~~~~~
main.c:569:6: warning: function declaration isn't a prototype [-Wstrict-prototypes]
 void follow()
      ^~~~~~
main.c:569:6: warning: conflicting types for 'follow'
main.c:437:9: note: previous implicit declaration of 'follow' was here
         follow();
         ^~~~~~
[1;34mLinking build/Project_template.elf[0m
[1;34mCreating build/Project_template.hex[0m
[1;34mCreating build/Project_template.bin[0m
[1;34mCreating build/Project_template.dmp[0m

   text	   data	    bss	    dec	    hex	filename
  79748	   3708	   9900	  93356	  16cac	build/Project_template.elf
[1;34mCreating build/Project_template.list[0m

[1;34mDone[0m
14:35:28 **** Incremental Build of configuration Default for project Ehample_1h ****
make all 
make: Nothing to be done for 'all'.
14:37:20 **** Incremental Build of configuration Default for project Ehample_1h ****
make all 
[1;34mCompiling main.c[0m
main.c:383:1: warning: function declaration isn't a prototype [-Wstrict-prototypes]
 void Turn_right();        // Function to turn left
 ^~~~
main.c:384:1: warning: function declaration isn't a prototype [-Wstrict-prototypes]
 void Turn_left();         // Function to turn right
 ^~~~
main.c:385:1: warning: function declaration isn't a prototype [-Wstrict-prototypes]
 void reverse();           // Function to reverse
 ^~~~
main.c:386:1: warning: function declaration isn't a prototype [-Wstrict-prototypes]
 void forward();           // Function to move forward
 ^~~~
main.c:387:1: warning: function declaration isn't a prototype [-Wstrict-prototypes]
 void Around();            // Function to turn around
 ^~~~
main.c:388:1: warning: function declaration isn't a prototype [-Wstrict-prototypes]
 void stop();              // Function to stop the robot
 ^~~~
main.c:389:1: warning: function declaration isn't a prototype [-Wstrict-prototypes]
 void prox_vals();         // Function to get the proximity sensors data
 ^~~~
main.c:391:1: warning: function declaration isn't a prototype [-Wstrict-prototypes]
 void dist_vals();          // Function to obtain distance sensor value
 ^~~~
main.c: In function 'main':
main.c:437:9: warning: implicit declaration of function 'follow'; did you mean 'floor'? [-Wimplicit-function-declaration]
         follow();
         ^~~~~~
         floor
main.c:424:8: warning: unused variable 'Prox_thresh' [-Wunused-variable]
    int Prox_thresh = 200;
        ^~~~~~~~~~~
main.c: At top level:
main.c:459:6: warning: function declaration isn't a prototype [-Wstrict-prototypes]
 void stop()
      ^~~~
main.c:465:6: warning: function declaration isn't a prototype [-Wstrict-prototypes]
 void Turn_right()
      ^~~~~~~~~~
main.c:471:6: warning: function declaration isn't a prototype [-Wstrict-prototypes]
 void Turn_left()
      ^~~~~~~~~
main.c:477:6: warning: function declaration isn't a prototype [-Wstrict-prototypes]
 void reverse()
      ^~~~~~~
main.c:483:6: warning: function declaration isn't a prototype [-Wstrict-prototypes]
 void forward()
      ^~~~~~~
main.c:489:6: warning: function declaration isn't a prototype [-Wstrict-prototypes]
 void Around()
      ^~~~~~
main.c:499:6: warning: function declaration isn't a prototype [-Wstrict-prototypes]
 void prox_vals()
      ^~~~~~~~~
main.c:511:6: warning: function declaration isn't a prototype [-Wstrict-prototypes]
 void dist_vals()
      ^~~~~~~~~
main.c:569:6: warning: function declaration isn't a prototype [-Wstrict-prototypes]
 void follow()
      ^~~~~~
main.c:569:6: warning: conflicting types for 'follow'
main.c:437:9: note: previous implicit declaration of 'follow' was here
         follow();
         ^~~~~~
[1;34mLinking build/Project_template.elf[0m
[1;34mCreating build/Project_template.hex[0m
[1;34mCreating build/Project_template.bin[0m
[1;34mCreating build/Project_template.dmp[0m

   text	   data	    bss	    dec	    hex	filename
  79748	   3708	   9900	  93356	  16cac	build/Project_template.elf
[1;34mCreating build/Project_template.list[0m

[1;34mDone[0m
14:37:22 **** Incremental Build of configuration Default for project Ehample_1h ****
make all 
make: Nothing to be done for 'all'.
14:39:35 **** Incremental Build of configuration Default for project Ehample_1h ****
make all 
[1;34mCompiling main.c[0m
main.c:383:1: warning: function declaration isn't a prototype [-Wstrict-prototypes]
 void Turn_right();        // Function to turn left
 ^~~~
main.c:384:1: warning: function declaration isn't a prototype [-Wstrict-prototypes]
 void Turn_left();         // Function to turn right
 ^~~~
main.c:385:1: warning: function declaration isn't a prototype [-Wstrict-prototypes]
 void reverse();           // Function to reverse
 ^~~~
main.c:386:1: warning: function declaration isn't a prototype [-Wstrict-prototypes]
 void forward();           // Function to move forward
 ^~~~
main.c:387:1: warning: function declaration isn't a prototype [-Wstrict-prototypes]
 void Around();            // Function to turn around
 ^~~~
main.c:388:1: warning: function declaration isn't a prototype [-Wstrict-prototypes]
 void stop();              // Function to stop the robot
 ^~~~
main.c:389:1: warning: function declaration isn't a prototype [-Wstrict-prototypes]
 void prox_vals();         // Function to get the proximity sensors data
 ^~~~
main.c:391:1: warning: function declaration isn't a prototype [-Wstrict-prototypes]
 void dist_vals();          // Function to obtain distance sensor value
 ^~~~
main.c: In function 'main':
main.c:437:9: warning: implicit declaration of function 'follow'; did you mean 'floor'? [-Wimplicit-function-declaration]
         follow();
         ^~~~~~
         floor
main.c:424:8: warning: unused variable 'Prox_thresh' [-Wunused-variable]
    int Prox_thresh = 200;
        ^~~~~~~~~~~
main.c: At top level:
main.c:459:6: warning: function declaration isn't a prototype [-Wstrict-prototypes]
 void stop()
      ^~~~
main.c:465:6: warning: function declaration isn't a prototype [-Wstrict-prototypes]
 void Turn_right()
      ^~~~~~~~~~
main.c:471:6: warning: function declaration isn't a prototype [-Wstrict-prototypes]
 void Turn_left()
      ^~~~~~~~~
main.c:477:6: warning: function declaration isn't a prototype [-Wstrict-prototypes]
 void reverse()
      ^~~~~~~
main.c:483:6: warning: function declaration isn't a prototype [-Wstrict-prototypes]
 void forward()
      ^~~~~~~
main.c:489:6: warning: function declaration isn't a prototype [-Wstrict-prototypes]
 void Around()
      ^~~~~~
main.c:499:6: warning: function declaration isn't a prototype [-Wstrict-prototypes]
 void prox_vals()
      ^~~~~~~~~
main.c:511:6: warning: function declaration isn't a prototype [-Wstrict-prototypes]
 void dist_vals()
      ^~~~~~~~~
main.c:569:6: warning: function declaration isn't a prototype [-Wstrict-prototypes]
 void follow()
      ^~~~~~
main.c:569:6: warning: conflicting types for 'follow'
main.c:437:9: note: previous implicit declaration of 'follow' was here
         follow();
         ^~~~~~
[1;34mLinking build/Project_template.elf[0m
[1;34mCreating build/Project_template.hex[0m
[1;34mCreating build/Project_template.bin[0m
[1;34mCreating build/Project_template.dmp[0m

   text	   data	    bss	    dec	    hex	filename
  79748	   3708	   9900	  93356	  16cac	build/Project_template.elf
[1;34mCreating build/Project_template.list[0m

[1;34mDone[0m
14:39:37 **** Incremental Build of configuration Default for project Ehample_1h ****
make all 
make: Nothing to be done for 'all'.
14:43:25 **** Incremental Build of configuration Default for project Ehample_1h ****
make all 
[1;34mCompiling main.c[0m
main.c:383:1: warning: function declaration isn't a prototype [-Wstrict-prototypes]
 void Turn_right();        // Function to turn left
 ^~~~
main.c:384:1: warning: function declaration isn't a prototype [-Wstrict-prototypes]
 void Turn_left();         // Function to turn right
 ^~~~
main.c:385:1: warning: function declaration isn't a prototype [-Wstrict-prototypes]
 void reverse();           // Function to reverse
 ^~~~
main.c:386:1: warning: function declaration isn't a prototype [-Wstrict-prototypes]
 void forward();           // Function to move forward
 ^~~~
main.c:387:1: warning: function declaration isn't a prototype [-Wstrict-prototypes]
 void Around();            // Function to turn around
 ^~~~
main.c:388:1: warning: function declaration isn't a prototype [-Wstrict-prototypes]
 void stop();              // Function to stop the robot
 ^~~~
main.c:389:1: warning: function declaration isn't a prototype [-Wstrict-prototypes]
 void prox_vals();         // Function to get the proximity sensors data
 ^~~~
main.c:391:1: warning: function declaration isn't a prototype [-Wstrict-prototypes]
 void dist_vals();          // Function to obtain distance sensor value
 ^~~~
main.c: In function 'main':
main.c:437:9: warning: implicit declaration of function 'follow'; did you mean 'floor'? [-Wimplicit-function-declaration]
         follow();
         ^~~~~~
         floor
main.c:424:8: warning: unused variable 'Prox_thresh' [-Wunused-variable]
    int Prox_thresh = 200;
        ^~~~~~~~~~~
main.c: At top level:
main.c:459:6: warning: function declaration isn't a prototype [-Wstrict-prototypes]
 void stop()
      ^~~~
main.c:465:6: warning: function declaration isn't a prototype [-Wstrict-prototypes]
 void Turn_right()
      ^~~~~~~~~~
main.c:471:6: warning: function declaration isn't a prototype [-Wstrict-prototypes]
 void Turn_left()
      ^~~~~~~~~
main.c:477:6: warning: function declaration isn't a prototype [-Wstrict-prototypes]
 void reverse()
      ^~~~~~~
main.c:483:6: warning: function declaration isn't a prototype [-Wstrict-prototypes]
 void forward()
      ^~~~~~~
main.c:489:6: warning: function declaration isn't a prototype [-Wstrict-prototypes]
 void Around()
      ^~~~~~
main.c:499:6: warning: function declaration isn't a prototype [-Wstrict-prototypes]
 void prox_vals()
      ^~~~~~~~~
main.c:511:6: warning: function declaration isn't a prototype [-Wstrict-prototypes]
 void dist_vals()
      ^~~~~~~~~
main.c:569:6: warning: function declaration isn't a prototype [-Wstrict-prototypes]
 void follow()
      ^~~~~~
main.c:569:6: warning: conflicting types for 'follow'
main.c:437:9: note: previous implicit declaration of 'follow' was here
         follow();
         ^~~~~~
main.c: In function 'follow':
main.c:577:24: warning: comparison of constant '39' with boolean expression is always true [-Wbool-compare]
  }else if (48<Dist_val <39)
                        ^
main.c:577:14: warning: comparisons like 'X<=Y<=Z' do not have their mathematical meaning [-Wparentheses]
  }else if (48<Dist_val <39)
            ~~^~~~~~~~~
[1;34mLinking build/Project_template.elf[0m
[1;34mCreating build/Project_template.hex[0m
[1;34mCreating build/Project_template.bin[0m
[1;34mCreating build/Project_template.dmp[0m

   text	   data	    bss	    dec	    hex	filename
  79700	   3708	   9900	  93308	  16c7c	build/Project_template.elf
[1;34mCreating build/Project_template.list[0m

[1;34mDone[0m
14:43:30 **** Incremental Build of configuration Default for project Ehample_1h ****
make all 
make: Nothing to be done for 'all'.
14:48:02 **** Incremental Build of configuration Default for project Ehample_1h ****
make all 
[1;34mCompiling main.c[0m
main.c:383:1: warning: function declaration isn't a prototype [-Wstrict-prototypes]
 void Turn_right();        // Function to turn left
 ^~~~
main.c:384:1: warning: function declaration isn't a prototype [-Wstrict-prototypes]
 void Turn_left();         // Function to turn right
 ^~~~
main.c:385:1: warning: function declaration isn't a prototype [-Wstrict-prototypes]
 void reverse();           // Function to reverse
 ^~~~
main.c:386:1: warning: function declaration isn't a prototype [-Wstrict-prototypes]
 void forward();           // Function to move forward
 ^~~~
main.c:387:1: warning: function declaration isn't a prototype [-Wstrict-prototypes]
 void Around();            // Function to turn around
 ^~~~
main.c:388:1: warning: function declaration isn't a prototype [-Wstrict-prototypes]
 void stop();              // Function to stop the robot
 ^~~~
main.c:389:1: warning: function declaration isn't a prototype [-Wstrict-prototypes]
 void prox_vals();         // Function to get the proximity sensors data
 ^~~~
main.c:391:1: warning: function declaration isn't a prototype [-Wstrict-prototypes]
 void dist_vals();          // Function to obtain distance sensor value
 ^~~~
main.c: In function 'main':
main.c:437:9: warning: implicit declaration of function 'follow'; did you mean 'floor'? [-Wimplicit-function-declaration]
         follow();
         ^~~~~~
         floor
main.c:424:8: warning: unused variable 'Prox_thresh' [-Wunused-variable]
    int Prox_thresh = 200;
        ^~~~~~~~~~~
main.c: At top level:
main.c:459:6: warning: function declaration isn't a prototype [-Wstrict-prototypes]
 void stop()
      ^~~~
main.c:465:6: warning: function declaration isn't a prototype [-Wstrict-prototypes]
 void Turn_right()
      ^~~~~~~~~~
main.c:471:6: warning: function declaration isn't a prototype [-Wstrict-prototypes]
 void Turn_left()
      ^~~~~~~~~
main.c:477:6: warning: function declaration isn't a prototype [-Wstrict-prototypes]
 void reverse()
      ^~~~~~~
main.c:483:6: warning: function declaration isn't a prototype [-Wstrict-prototypes]
 void forward()
      ^~~~~~~
main.c:489:6: warning: function declaration isn't a prototype [-Wstrict-prototypes]
 void Around()
      ^~~~~~
main.c:499:6: warning: function declaration isn't a prototype [-Wstrict-prototypes]
 void prox_vals()
      ^~~~~~~~~
main.c:511:6: warning: function declaration isn't a prototype [-Wstrict-prototypes]
 void dist_vals()
      ^~~~~~~~~
main.c:569:6: warning: function declaration isn't a prototype [-Wstrict-prototypes]
 void follow()
      ^~~~~~
main.c:569:6: warning: conflicting types for 'follow'
main.c:437:9: note: previous implicit declaration of 'follow' was here
         follow();
         ^~~~~~
[1;34mLinking build/Project_template.elf[0m
[1;34mCreating build/Project_template.hex[0m
[1;34mCreating build/Project_template.bin[0m
[1;34mCreating build/Project_template.dmp[0m

   text	   data	    bss	    dec	    hex	filename
  79844	   3708	   9900	  93452	  16d0c	build/Project_template.elf
[1;34mCreating build/Project_template.list[0m

[1;34mDone[0m
14:48:09 **** Incremental Build of configuration Default for project Ehample_1h ****
make all 
make: Nothing to be done for 'all'.
14:48:17 **** Incremental Build of configuration Default for project Ehample_1h ****
make all 
make: Nothing to be done for 'all'.
14:48:25 **** Incremental Build of configuration Default for project Ehample_1h ****
make all 
make: Nothing to be done for 'all'.
14:56:01 **** Incremental Build of configuration Default for project Ehample_1h ****
make all 
[1;34mCompiling main.c[0m
main.c:383:1: warning: function declaration isn't a prototype [-Wstrict-prototypes]
 void Turn_right();        // Function to turn left
 ^~~~
main.c:384:1: warning: function declaration isn't a prototype [-Wstrict-prototypes]
 void Turn_left();         // Function to turn right
 ^~~~
main.c:385:1: warning: function declaration isn't a prototype [-Wstrict-prototypes]
 void reverse();           // Function to reverse
 ^~~~
main.c:386:1: warning: function declaration isn't a prototype [-Wstrict-prototypes]
 void forward();           // Function to move forward
 ^~~~
main.c:387:1: warning: function declaration isn't a prototype [-Wstrict-prototypes]
 void Around();            // Function to turn around
 ^~~~
main.c:388:1: warning: function declaration isn't a prototype [-Wstrict-prototypes]
 void stop();              // Function to stop the robot
 ^~~~
main.c:389:1: warning: function declaration isn't a prototype [-Wstrict-prototypes]
 void prox_vals();         // Function to get the proximity sensors data
 ^~~~
main.c:391:1: warning: function declaration isn't a prototype [-Wstrict-prototypes]
 void dist_vals();          // Function to obtain distance sensor value
 ^~~~
main.c: In function 'main':
main.c:437:9: warning: implicit declaration of function 'follow'; did you mean 'floor'? [-Wimplicit-function-declaration]
         follow();
         ^~~~~~
         floor
main.c:424:8: warning: unused variable 'Prox_thresh' [-Wunused-variable]
    int Prox_thresh = 200;
        ^~~~~~~~~~~
main.c: At top level:
main.c:459:6: warning: function declaration isn't a prototype [-Wstrict-prototypes]
 void stop()
      ^~~~
main.c:465:6: warning: function declaration isn't a prototype [-Wstrict-prototypes]
 void Turn_right()
      ^~~~~~~~~~
main.c:471:6: warning: function declaration isn't a prototype [-Wstrict-prototypes]
 void Turn_left()
      ^~~~~~~~~
main.c:477:6: warning: function declaration isn't a prototype [-Wstrict-prototypes]
 void reverse()
      ^~~~~~~
main.c:483:6: warning: function declaration isn't a prototype [-Wstrict-prototypes]
 void forward()
      ^~~~~~~
main.c:489:6: warning: function declaration isn't a prototype [-Wstrict-prototypes]
 void Around()
      ^~~~~~
main.c:499:6: warning: function declaration isn't a prototype [-Wstrict-prototypes]
 void prox_vals()
      ^~~~~~~~~
main.c:511:6: warning: function declaration isn't a prototype [-Wstrict-prototypes]
 void dist_vals()
      ^~~~~~~~~
main.c:569:6: warning: function declaration isn't a prototype [-Wstrict-prototypes]
 void follow()
      ^~~~~~
main.c:569:6: warning: conflicting types for 'follow'
main.c:437:9: note: previous implicit declaration of 'follow' was here
         follow();
         ^~~~~~
[1;34mLinking build/Project_template.elf[0m
[1;34mCreating build/Project_template.hex[0m
[1;34mCreating build/Project_template.bin[0m
[1;34mCreating build/Project_template.dmp[0m

   text	   data	    bss	    dec	    hex	filename
  79876	   3708	   9900	  93484	  16d2c	build/Project_template.elf
[1;34mCreating build/Project_template.list[0m

[1;34mDone[0m
14:56:09 **** Incremental Build of configuration Default for project Ehample_1h ****
make all 
make: Nothing to be done for 'all'.
14:56:12 **** Incremental Build of configuration Default for project Ehample_1h ****
make all 
make: Nothing to be done for 'all'.
14:56:17 **** Incremental Build of configuration Default for project Ehample_1h ****
make all 
make: Nothing to be done for 'all'.
14:56:22 **** Incremental Build of configuration Default for project Ehample_1h ****
make all 
make: Nothing to be done for 'all'.
15:01:56 **** Incremental Build of configuration Default for project Ehample_1h ****
make all 
[1;34mCompiling main.c[0m
main.c:383:1: warning: function declaration isn't a prototype [-Wstrict-prototypes]
 void Turn_right();        // Function to turn left
 ^~~~
main.c:384:1: warning: function declaration isn't a prototype [-Wstrict-prototypes]
 void Turn_left();         // Function to turn right
 ^~~~
main.c:385:1: warning: function declaration isn't a prototype [-Wstrict-prototypes]
 void reverse();           // Function to reverse
 ^~~~
main.c:386:1: warning: function declaration isn't a prototype [-Wstrict-prototypes]
 void forward();           // Function to move forward
 ^~~~
main.c:387:1: warning: function declaration isn't a prototype [-Wstrict-prototypes]
 void Around();            // Function to turn around
 ^~~~
main.c:388:1: warning: function declaration isn't a prototype [-Wstrict-prototypes]
 void stop();              // Function to stop the robot
 ^~~~
main.c:389:1: warning: function declaration isn't a prototype [-Wstrict-prototypes]
 void prox_vals();         // Function to get the proximity sensors data
 ^~~~
main.c:391:1: warning: function declaration isn't a prototype [-Wstrict-prototypes]
 void dist_vals();          // Function to obtain distance sensor value
 ^~~~
main.c: In function 'main':
main.c:437:9: warning: implicit declaration of function 'follow'; did you mean 'floor'? [-Wimplicit-function-declaration]
         follow();
         ^~~~~~
         floor
main.c:424:8: warning: unused variable 'Prox_thresh' [-Wunused-variable]
    int Prox_thresh = 200;
        ^~~~~~~~~~~
main.c: At top level:
main.c:459:6: warning: function declaration isn't a prototype [-Wstrict-prototypes]
 void stop()
      ^~~~
main.c:465:6: warning: function declaration isn't a prototype [-Wstrict-prototypes]
 void Turn_right()
      ^~~~~~~~~~
main.c:471:6: warning: function declaration isn't a prototype [-Wstrict-prototypes]
 void Turn_left()
      ^~~~~~~~~
main.c:477:6: warning: function declaration isn't a prototype [-Wstrict-prototypes]
 void reverse()
      ^~~~~~~
main.c:483:6: warning: function declaration isn't a prototype [-Wstrict-prototypes]
 void forward()
      ^~~~~~~
main.c:489:6: warning: function declaration isn't a prototype [-Wstrict-prototypes]
 void Around()
      ^~~~~~
main.c:499:6: warning: function declaration isn't a prototype [-Wstrict-prototypes]
 void prox_vals()
      ^~~~~~~~~
main.c:511:6: warning: function declaration isn't a prototype [-Wstrict-prototypes]
 void dist_vals()
      ^~~~~~~~~
main.c:569:6: warning: function declaration isn't a prototype [-Wstrict-prototypes]
 void follow()
      ^~~~~~
main.c:569:6: warning: conflicting types for 'follow'
main.c:437:9: note: previous implicit declaration of 'follow' was here
         follow();
         ^~~~~~
[1;34mLinking build/Project_template.elf[0m
[1;34mCreating build/Project_template.hex[0m
[1;34mCreating build/Project_template.bin[0m
[1;34mCreating build/Project_template.dmp[0m

   text	   data	    bss	    dec	    hex	filename
  79860	   3708	   9900	  93468	  16d1c	build/Project_template.elf
[1;34mCreating build/Project_template.list[0m

[1;34mDone[0m
15:02:06 **** Incremental Build of configuration Default for project Ehample_1h ****
make all 
[1;34mCompiling main.c[0m
main.c:383:1: warning: function declaration isn't a prototype [-Wstrict-prototypes]
 void Turn_right();        // Function to turn left
 ^~~~
main.c:384:1: warning: function declaration isn't a prototype [-Wstrict-prototypes]
 void Turn_left();         // Function to turn right
 ^~~~
main.c:385:1: warning: function declaration isn't a prototype [-Wstrict-prototypes]
 void reverse();           // Function to reverse
 ^~~~
main.c:386:1: warning: function declaration isn't a prototype [-Wstrict-prototypes]
 void forward();           // Function to move forward
 ^~~~
main.c:387:1: warning: function declaration isn't a prototype [-Wstrict-prototypes]
 void Around();            // Function to turn around
 ^~~~
main.c:388:1: warning: function declaration isn't a prototype [-Wstrict-prototypes]
 void stop();              // Function to stop the robot
 ^~~~
main.c:389:1: warning: function declaration isn't a prototype [-Wstrict-prototypes]
 void prox_vals();         // Function to get the proximity sensors data
 ^~~~
main.c:391:1: warning: function declaration isn't a prototype [-Wstrict-prototypes]
 void dist_vals();          // Function to obtain distance sensor value
 ^~~~
main.c: In function 'main':
main.c:437:9: warning: implicit declaration of function 'follow'; did you mean 'floor'? [-Wimplicit-function-declaration]
         follow();
         ^~~~~~
         floor
main.c:424:8: warning: unused variable 'Prox_thresh' [-Wunused-variable]
    int Prox_thresh = 200;
        ^~~~~~~~~~~
main.c: At top level:
main.c:459:6: warning: function declaration isn't a prototype [-Wstrict-prototypes]
 void stop()
      ^~~~
main.c:465:6: warning: function declaration isn't a prototype [-Wstrict-prototypes]
 void Turn_right()
      ^~~~~~~~~~
main.c:471:6: warning: function declaration isn't a prototype [-Wstrict-prototypes]
 void Turn_left()
      ^~~~~~~~~
main.c:477:6: warning: function declaration isn't a prototype [-Wstrict-prototypes]
 void reverse()
      ^~~~~~~
main.c:483:6: warning: function declaration isn't a prototype [-Wstrict-prototypes]
 void forward()
      ^~~~~~~
main.c:489:6: warning: function declaration isn't a prototype [-Wstrict-prototypes]
 void Around()
      ^~~~~~
main.c:499:6: warning: function declaration isn't a prototype [-Wstrict-prototypes]
 void prox_vals()
      ^~~~~~~~~
main.c:511:6: warning: function declaration isn't a prototype [-Wstrict-prototypes]
 void dist_vals()
      ^~~~~~~~~
main.c:569:6: warning: function declaration isn't a prototype [-Wstrict-prototypes]
 void follow()
      ^~~~~~
main.c:569:6: warning: conflicting types for 'follow'
main.c:437:9: note: previous implicit declaration of 'follow' was here
         follow();
         ^~~~~~
[1;34mLinking build/Project_template.elf[0m
[1;34mCreating build/Project_template.hex[0m
[1;34mCreating build/Project_template.bin[0m
[1;34mCreating build/Project_template.dmp[0m

   text	   data	    bss	    dec	    hex	filename
  79860	   3708	   9900	  93468	  16d1c	build/Project_template.elf
[1;34mCreating build/Project_template.list[0m

[1;34mDone[0m
15:02:08 **** Incremental Build of configuration Default for project Ehample_1h ****
make all 
make: Nothing to be done for 'all'.
15:03:32 **** Incremental Build of configuration Default for project Ehample_1h ****
make all 
[1;34mCompiling main.c[0m
main.c:383:1: warning: function declaration isn't a prototype [-Wstrict-prototypes]
 void Turn_right();        // Function to turn left
 ^~~~
main.c:384:1: warning: function declaration isn't a prototype [-Wstrict-prototypes]
 void Turn_left();         // Function to turn right
 ^~~~
main.c:385:1: warning: function declaration isn't a prototype [-Wstrict-prototypes]
 void reverse();           // Function to reverse
 ^~~~
main.c:386:1: warning: function declaration isn't a prototype [-Wstrict-prototypes]
 void forward();           // Function to move forward
 ^~~~
main.c:387:1: warning: function declaration isn't a prototype [-Wstrict-prototypes]
 void Around();            // Function to turn around
 ^~~~
main.c:388:1: warning: function declaration isn't a prototype [-Wstrict-prototypes]
 void stop();              // Function to stop the robot
 ^~~~
main.c:389:1: warning: function declaration isn't a prototype [-Wstrict-prototypes]
 void prox_vals();         // Function to get the proximity sensors data
 ^~~~
main.c:391:1: warning: function declaration isn't a prototype [-Wstrict-prototypes]
 void dist_vals();          // Function to obtain distance sensor value
 ^~~~
main.c: In function 'main':
main.c:437:9: warning: implicit declaration of function 'follow'; did you mean 'floor'? [-Wimplicit-function-declaration]
         follow();
         ^~~~~~
         floor
main.c:424:8: warning: unused variable 'Prox_thresh' [-Wunused-variable]
    int Prox_thresh = 200;
        ^~~~~~~~~~~
main.c: At top level:
main.c:459:6: warning: function declaration isn't a prototype [-Wstrict-prototypes]
 void stop()
      ^~~~
main.c:465:6: warning: function declaration isn't a prototype [-Wstrict-prototypes]
 void Turn_right()
      ^~~~~~~~~~
main.c:471:6: warning: function declaration isn't a prototype [-Wstrict-prototypes]
 void Turn_left()
      ^~~~~~~~~
main.c:477:6: warning: function declaration isn't a prototype [-Wstrict-prototypes]
 void reverse()
      ^~~~~~~
main.c:483:6: warning: function declaration isn't a prototype [-Wstrict-prototypes]
 void forward()
      ^~~~~~~
main.c:489:6: warning: function declaration isn't a prototype [-Wstrict-prototypes]
 void Around()
      ^~~~~~
main.c:499:6: warning: function declaration isn't a prototype [-Wstrict-prototypes]
 void prox_vals()
      ^~~~~~~~~
main.c:511:6: warning: function declaration isn't a prototype [-Wstrict-prototypes]
 void dist_vals()
      ^~~~~~~~~
main.c:569:6: warning: function declaration isn't a prototype [-Wstrict-prototypes]
 void follow()
      ^~~~~~
main.c:569:6: warning: conflicting types for 'follow'
main.c:437:9: note: previous implicit declaration of 'follow' was here
         follow();
         ^~~~~~
[1;34mLinking build/Project_template.elf[0m
[1;34mCreating build/Project_template.hex[0m
[1;34mCreating build/Project_template.bin[0m
[1;34mCreating build/Project_template.dmp[0m

   text	   data	    bss	    dec	    hex	filename
  79860	   3708	   9900	  93468	  16d1c	build/Project_template.elf
[1;34mCreating build/Project_template.list[0m

[1;34mDone[0m
15:03:34 **** Incremental Build of configuration Default for project Ehample_1h ****
make all 
make: Nothing to be done for 'all'.
15:03:55 **** Incremental Build of configuration Default for project Ehample_1h ****
make all 
make: Nothing to be done for 'all'.
15:05:09 **** Incremental Build of configuration Default for project Ehample_1h ****
make all 
[1;34mCompiling main.c[0m
main.c:383:1: warning: function declaration isn't a prototype [-Wstrict-prototypes]
 void Turn_right();        // Function to turn left
 ^~~~
main.c:384:1: warning: function declaration isn't a prototype [-Wstrict-prototypes]
 void Turn_left();         // Function to turn right
 ^~~~
main.c:385:1: warning: function declaration isn't a prototype [-Wstrict-prototypes]
 void reverse();           // Function to reverse
 ^~~~
main.c:386:1: warning: function declaration isn't a prototype [-Wstrict-prototypes]
 void forward();           // Function to move forward
 ^~~~
main.c:387:1: warning: function declaration isn't a prototype [-Wstrict-prototypes]
 void Around();            // Function to turn around
 ^~~~
main.c:388:1: warning: function declaration isn't a prototype [-Wstrict-prototypes]
 void stop();              // Function to stop the robot
 ^~~~
main.c:389:1: warning: function declaration isn't a prototype [-Wstrict-prototypes]
 void prox_vals();         // Function to get the proximity sensors data
 ^~~~
main.c:391:1: warning: function declaration isn't a prototype [-Wstrict-prototypes]
 void dist_vals();          // Function to obtain distance sensor value
 ^~~~
main.c: In function 'main':
main.c:437:9: warning: implicit declaration of function 'follow'; did you mean 'floor'? [-Wimplicit-function-declaration]
         follow();
         ^~~~~~
         floor
main.c:424:8: warning: unused variable 'Prox_thresh' [-Wunused-variable]
    int Prox_thresh = 200;
        ^~~~~~~~~~~
main.c: At top level:
main.c:459:6: warning: function declaration isn't a prototype [-Wstrict-prototypes]
 void stop()
      ^~~~
main.c:465:6: warning: function declaration isn't a prototype [-Wstrict-prototypes]
 void Turn_right()
      ^~~~~~~~~~
main.c:471:6: warning: function declaration isn't a prototype [-Wstrict-prototypes]
 void Turn_left()
      ^~~~~~~~~
main.c:477:6: warning: function declaration isn't a prototype [-Wstrict-prototypes]
 void reverse()
      ^~~~~~~
main.c:483:6: warning: function declaration isn't a prototype [-Wstrict-prototypes]
 void forward()
      ^~~~~~~
main.c:489:6: warning: function declaration isn't a prototype [-Wstrict-prototypes]
 void Around()
      ^~~~~~
main.c:499:6: warning: function declaration isn't a prototype [-Wstrict-prototypes]
 void prox_vals()
      ^~~~~~~~~
main.c:511:6: warning: function declaration isn't a prototype [-Wstrict-prototypes]
 void dist_vals()
      ^~~~~~~~~
main.c:569:6: warning: function declaration isn't a prototype [-Wstrict-prototypes]
 void follow()
      ^~~~~~
main.c:569:6: warning: conflicting types for 'follow'
main.c:437:9: note: previous implicit declaration of 'follow' was here
         follow();
         ^~~~~~
[1;34mLinking build/Project_template.elf[0m
[1;34mCreating build/Project_template.hex[0m
[1;34mCreating build/Project_template.bin[0m
[1;34mCreating build/Project_template.dmp[0m

   text	   data	    bss	    dec	    hex	filename
  79892	   3708	   9900	  93500	  16d3c	build/Project_template.elf
[1;34mCreating build/Project_template.list[0m

[1;34mDone[0m
15:05:15 **** Incremental Build of configuration Default for project Ehample_1h ****
make all 
make: Nothing to be done for 'all'.
15:05:34 **** Incremental Build of configuration Default for project Ehample_1h ****
make all 
make: Nothing to be done for 'all'.
15:09:10 **** Incremental Build of configuration Default for project Ehample_1h ****
make all 
[1;34mCompiling main.c[0m
main.c:383:1: warning: function declaration isn't a prototype [-Wstrict-prototypes]
 void Turn_right();        // Function to turn left
 ^~~~
main.c:384:1: warning: function declaration isn't a prototype [-Wstrict-prototypes]
 void Turn_left();         // Function to turn right
 ^~~~
main.c:385:1: warning: function declaration isn't a prototype [-Wstrict-prototypes]
 void reverse();           // Function to reverse
 ^~~~
main.c:386:1: warning: function declaration isn't a prototype [-Wstrict-prototypes]
 void forward();           // Function to move forward
 ^~~~
main.c:387:1: warning: function declaration isn't a prototype [-Wstrict-prototypes]
 void Around();            // Function to turn around
 ^~~~
main.c:388:1: warning: function declaration isn't a prototype [-Wstrict-prototypes]
 void stop();              // Function to stop the robot
 ^~~~
main.c:389:1: warning: function declaration isn't a prototype [-Wstrict-prototypes]
 void prox_vals();         // Function to get the proximity sensors data
 ^~~~
main.c:391:1: warning: function declaration isn't a prototype [-Wstrict-prototypes]
 void dist_vals();          // Function to obtain distance sensor value
 ^~~~
main.c: In function 'main':
main.c:437:9: warning: implicit declaration of function 'follow'; did you mean 'floor'? [-Wimplicit-function-declaration]
         follow();
         ^~~~~~
         floor
main.c:424:8: warning: unused variable 'Prox_thresh' [-Wunused-variable]
    int Prox_thresh = 200;
        ^~~~~~~~~~~
main.c: At top level:
main.c:459:6: warning: function declaration isn't a prototype [-Wstrict-prototypes]
 void stop()
      ^~~~
main.c:465:6: warning: function declaration isn't a prototype [-Wstrict-prototypes]
 void Turn_right()
      ^~~~~~~~~~
main.c:471:6: warning: function declaration isn't a prototype [-Wstrict-prototypes]
 void Turn_left()
      ^~~~~~~~~
main.c:477:6: warning: function declaration isn't a prototype [-Wstrict-prototypes]
 void reverse()
      ^~~~~~~
main.c:483:6: warning: function declaration isn't a prototype [-Wstrict-prototypes]
 void forward()
      ^~~~~~~
main.c:489:6: warning: function declaration isn't a prototype [-Wstrict-prototypes]
 void Around()
      ^~~~~~
main.c:499:6: warning: function declaration isn't a prototype [-Wstrict-prototypes]
 void prox_vals()
      ^~~~~~~~~
main.c:511:6: warning: function declaration isn't a prototype [-Wstrict-prototypes]
 void dist_vals()
      ^~~~~~~~~
main.c:569:6: warning: function declaration isn't a prototype [-Wstrict-prototypes]
 void follow()
      ^~~~~~
main.c:569:6: warning: conflicting types for 'follow'
main.c:437:9: note: previous implicit declaration of 'follow' was here
         follow();
         ^~~~~~
[1;34mLinking build/Project_template.elf[0m
[1;34mCreating build/Project_template.hex[0m
[1;34mCreating build/Project_template.bin[0m
[1;34mCreating build/Project_template.dmp[0m

   text	   data	    bss	    dec	    hex	filename
  79876	   3708	   9900	  93484	  16d2c	build/Project_template.elf
[1;34mCreating build/Project_template.list[0m

[1;34mDone[0m
15:09:12 **** Incremental Build of configuration Default for project Ehample_1h ****
make all 
make: Nothing to be done for 'all'.
15:10:59 **** Incremental Build of configuration Default for project Ehample_1h ****
make all 
[1;34mCompiling main.c[0m
main.c:383:1: warning: function declaration isn't a prototype [-Wstrict-prototypes]
 void Turn_right();        // Function to turn left
 ^~~~
main.c:384:1: warning: function declaration isn't a prototype [-Wstrict-prototypes]
 void Turn_left();         // Function to turn right
 ^~~~
main.c:385:1: warning: function declaration isn't a prototype [-Wstrict-prototypes]
 void reverse();           // Function to reverse
 ^~~~
main.c:386:1: warning: function declaration isn't a prototype [-Wstrict-prototypes]
 void forward();           // Function to move forward
 ^~~~
main.c:387:1: warning: function declaration isn't a prototype [-Wstrict-prototypes]
 void Around();            // Function to turn around
 ^~~~
main.c:388:1: warning: function declaration isn't a prototype [-Wstrict-prototypes]
 void stop();              // Function to stop the robot
 ^~~~
main.c:389:1: warning: function declaration isn't a prototype [-Wstrict-prototypes]
 void prox_vals();         // Function to get the proximity sensors data
 ^~~~
main.c:391:1: warning: function declaration isn't a prototype [-Wstrict-prototypes]
 void dist_vals();          // Function to obtain distance sensor value
 ^~~~
main.c: In function 'main':
main.c:437:9: warning: implicit declaration of function 'follow'; did you mean 'floor'? [-Wimplicit-function-declaration]
         follow();
         ^~~~~~
         floor
main.c:424:8: warning: unused variable 'Prox_thresh' [-Wunused-variable]
    int Prox_thresh = 200;
        ^~~~~~~~~~~
main.c: At top level:
main.c:459:6: warning: function declaration isn't a prototype [-Wstrict-prototypes]
 void stop()
      ^~~~
main.c:465:6: warning: function declaration isn't a prototype [-Wstrict-prototypes]
 void Turn_right()
      ^~~~~~~~~~
main.c:471:6: warning: function declaration isn't a prototype [-Wstrict-prototypes]
 void Turn_left()
      ^~~~~~~~~
main.c:477:6: warning: function declaration isn't a prototype [-Wstrict-prototypes]
 void reverse()
      ^~~~~~~
main.c:483:6: warning: function declaration isn't a prototype [-Wstrict-prototypes]
 void forward()
      ^~~~~~~
main.c:489:6: warning: function declaration isn't a prototype [-Wstrict-prototypes]
 void Around()
      ^~~~~~
main.c:499:6: warning: function declaration isn't a prototype [-Wstrict-prototypes]
 void prox_vals()
      ^~~~~~~~~
main.c:511:6: warning: function declaration isn't a prototype [-Wstrict-prototypes]
 void dist_vals()
      ^~~~~~~~~
main.c:569:6: warning: function declaration isn't a prototype [-Wstrict-prototypes]
 void follow()
      ^~~~~~
main.c:569:6: warning: conflicting types for 'follow'
main.c:437:9: note: previous implicit declaration of 'follow' was here
         follow();
         ^~~~~~
[1;34mLinking build/Project_template.elf[0m
[1;34mCreating build/Project_template.hex[0m
[1;34mCreating build/Project_template.bin[0m
[1;34mCreating build/Project_template.dmp[0m

   text	   data	    bss	    dec	    hex	filename
  79860	   3708	   9900	  93468	  16d1c	build/Project_template.elf
[1;34mCreating build/Project_template.list[0m

[1;34mDone[0m
15:11:04 **** Incremental Build of configuration Default for project Ehample_1h ****
make all 
make: Nothing to be done for 'all'.
15:17:16 **** Incremental Build of configuration Default for project Ehample_1h ****
make all 
[1;34mCompiling main.c[0m
main.c:383:1: warning: function declaration isn't a prototype [-Wstrict-prototypes]
 void Turn_right();        // Function to turn left
 ^~~~
main.c:384:1: warning: function declaration isn't a prototype [-Wstrict-prototypes]
 void Turn_left();         // Function to turn right
 ^~~~
main.c:385:1: warning: function declaration isn't a prototype [-Wstrict-prototypes]
 void reverse();           // Function to reverse
 ^~~~
main.c:386:1: warning: function declaration isn't a prototype [-Wstrict-prototypes]
 void forward();           // Function to move forward
 ^~~~
main.c:387:1: warning: function declaration isn't a prototype [-Wstrict-prototypes]
 void Around();            // Function to turn around
 ^~~~
main.c:388:1: warning: function declaration isn't a prototype [-Wstrict-prototypes]
 void stop();              // Function to stop the robot
 ^~~~
main.c:389:1: warning: function declaration isn't a prototype [-Wstrict-prototypes]
 void prox_vals();         // Function to get the proximity sensors data
 ^~~~
main.c:391:1: warning: function declaration isn't a prototype [-Wstrict-prototypes]
 void dist_vals();          // Function to obtain distance sensor value
 ^~~~
main.c: In function 'main':
main.c:437:9: warning: implicit declaration of function 'follow'; did you mean 'floor'? [-Wimplicit-function-declaration]
         follow();
         ^~~~~~
         floor
main.c:424:8: warning: unused variable 'Prox_thresh' [-Wunused-variable]
    int Prox_thresh = 200;
        ^~~~~~~~~~~
main.c: At top level:
main.c:459:6: warning: function declaration isn't a prototype [-Wstrict-prototypes]
 void stop()
      ^~~~
main.c:465:6: warning: function declaration isn't a prototype [-Wstrict-prototypes]
 void Turn_right()
      ^~~~~~~~~~
main.c:471:6: warning: function declaration isn't a prototype [-Wstrict-prototypes]
 void Turn_left()
      ^~~~~~~~~
main.c:477:6: warning: function declaration isn't a prototype [-Wstrict-prototypes]
 void reverse()
      ^~~~~~~
main.c:483:6: warning: function declaration isn't a prototype [-Wstrict-prototypes]
 void forward()
      ^~~~~~~
main.c:489:6: warning: function declaration isn't a prototype [-Wstrict-prototypes]
 void Around()
      ^~~~~~
main.c:499:6: warning: function declaration isn't a prototype [-Wstrict-prototypes]
 void prox_vals()
      ^~~~~~~~~
main.c:511:6: warning: function declaration isn't a prototype [-Wstrict-prototypes]
 void dist_vals()
      ^~~~~~~~~
main.c:569:6: warning: function declaration isn't a prototype [-Wstrict-prototypes]
 void follow()
      ^~~~~~
main.c:569:6: warning: conflicting types for 'follow'
main.c:437:9: note: previous implicit declaration of 'follow' was here
         follow();
         ^~~~~~
[1;34mLinking build/Project_template.elf[0m
[1;34mCreating build/Project_template.hex[0m
[1;34mCreating build/Project_template.bin[0m
[1;34mCreating build/Project_template.dmp[0m

   text	   data	    bss	    dec	    hex	filename
  79860	   3708	   9900	  93468	  16d1c	build/Project_template.elf
[1;34mCreating build/Project_template.list[0m

[1;34mDone[0m
15:17:20 **** Incremental Build of configuration Default for project Ehample_1h ****
make all 
make: Nothing to be done for 'all'.
15:18:45 **** Incremental Build of configuration Default for project Ehample_1h ****
make all 
[1;34mCompiling main.c[0m
main.c:383:1: warning: function declaration isn't a prototype [-Wstrict-prototypes]
 void Turn_right();        // Function to turn left
 ^~~~
main.c:384:1: warning: function declaration isn't a prototype [-Wstrict-prototypes]
 void Turn_left();         // Function to turn right
 ^~~~
main.c:385:1: warning: function declaration isn't a prototype [-Wstrict-prototypes]
 void reverse();           // Function to reverse
 ^~~~
main.c:386:1: warning: function declaration isn't a prototype [-Wstrict-prototypes]
 void forward();           // Function to move forward
 ^~~~
main.c:387:1: warning: function declaration isn't a prototype [-Wstrict-prototypes]
 void Around();            // Function to turn around
 ^~~~
main.c:388:1: warning: function declaration isn't a prototype [-Wstrict-prototypes]
 void stop();              // Function to stop the robot
 ^~~~
main.c:389:1: warning: function declaration isn't a prototype [-Wstrict-prototypes]
 void prox_vals();         // Function to get the proximity sensors data
 ^~~~
main.c:391:1: warning: function declaration isn't a prototype [-Wstrict-prototypes]
 void dist_vals();          // Function to obtain distance sensor value
 ^~~~
main.c: In function 'main':
main.c:437:9: warning: implicit declaration of function 'follow'; did you mean 'floor'? [-Wimplicit-function-declaration]
         follow();
         ^~~~~~
         floor
main.c:424:8: warning: unused variable 'Prox_thresh' [-Wunused-variable]
    int Prox_thresh = 200;
        ^~~~~~~~~~~
main.c: At top level:
main.c:459:6: warning: function declaration isn't a prototype [-Wstrict-prototypes]
 void stop()
      ^~~~
main.c:465:6: warning: function declaration isn't a prototype [-Wstrict-prototypes]
 void Turn_right()
      ^~~~~~~~~~
main.c:471:6: warning: function declaration isn't a prototype [-Wstrict-prototypes]
 void Turn_left()
      ^~~~~~~~~
main.c:477:6: warning: function declaration isn't a prototype [-Wstrict-prototypes]
 void reverse()
      ^~~~~~~
main.c:483:6: warning: function declaration isn't a prototype [-Wstrict-prototypes]
 void forward()
      ^~~~~~~
main.c:489:6: warning: function declaration isn't a prototype [-Wstrict-prototypes]
 void Around()
      ^~~~~~
main.c:499:6: warning: function declaration isn't a prototype [-Wstrict-prototypes]
 void prox_vals()
      ^~~~~~~~~
main.c:511:6: warning: function declaration isn't a prototype [-Wstrict-prototypes]
 void dist_vals()
      ^~~~~~~~~
main.c:569:6: warning: function declaration isn't a prototype [-Wstrict-prototypes]
 void follow()
      ^~~~~~
main.c:569:6: warning: conflicting types for 'follow'
main.c:437:9: note: previous implicit declaration of 'follow' was here
         follow();
         ^~~~~~
[1;34mLinking build/Project_template.elf[0m
[1;34mCreating build/Project_template.hex[0m
[1;34mCreating build/Project_template.bin[0m
[1;34mCreating build/Project_template.dmp[0m

   text	   data	    bss	    dec	    hex	filename
  79860	   3708	   9900	  93468	  16d1c	build/Project_template.elf
[1;34mCreating build/Project_template.list[0m

[1;34mDone[0m
15:18:48 **** Incremental Build of configuration Default for project Ehample_1h ****
make all 
make: Nothing to be done for 'all'.
15:19:48 **** Incremental Build of configuration Default for project Ehample_1h ****
make all 
[1;34mCompiling main.c[0m
main.c:383:1: warning: function declaration isn't a prototype [-Wstrict-prototypes]
 void Turn_right();        // Function to turn left
 ^~~~
main.c:384:1: warning: function declaration isn't a prototype [-Wstrict-prototypes]
 void Turn_left();         // Function to turn right
 ^~~~
main.c:385:1: warning: function declaration isn't a prototype [-Wstrict-prototypes]
 void reverse();           // Function to reverse
 ^~~~
main.c:386:1: warning: function declaration isn't a prototype [-Wstrict-prototypes]
 void forward();           // Function to move forward
 ^~~~
main.c:387:1: warning: function declaration isn't a prototype [-Wstrict-prototypes]
 void Around();            // Function to turn around
 ^~~~
main.c:388:1: warning: function declaration isn't a prototype [-Wstrict-prototypes]
 void stop();              // Function to stop the robot
 ^~~~
main.c:389:1: warning: function declaration isn't a prototype [-Wstrict-prototypes]
 void prox_vals();         // Function to get the proximity sensors data
 ^~~~
main.c:391:1: warning: function declaration isn't a prototype [-Wstrict-prototypes]
 void dist_vals();          // Function to obtain distance sensor value
 ^~~~
main.c: In function 'main':
main.c:437:9: warning: implicit declaration of function 'follow'; did you mean 'floor'? [-Wimplicit-function-declaration]
         follow();
         ^~~~~~
         floor
main.c:424:8: warning: unused variable 'Prox_thresh' [-Wunused-variable]
    int Prox_thresh = 200;
        ^~~~~~~~~~~
main.c: At top level:
main.c:459:6: warning: function declaration isn't a prototype [-Wstrict-prototypes]
 void stop()
      ^~~~
main.c:465:6: warning: function declaration isn't a prototype [-Wstrict-prototypes]
 void Turn_right()
      ^~~~~~~~~~
main.c:471:6: warning: function declaration isn't a prototype [-Wstrict-prototypes]
 void Turn_left()
      ^~~~~~~~~
main.c:477:6: warning: function declaration isn't a prototype [-Wstrict-prototypes]
 void reverse()
      ^~~~~~~
main.c:483:6: warning: function declaration isn't a prototype [-Wstrict-prototypes]
 void forward()
      ^~~~~~~
main.c:489:6: warning: function declaration isn't a prototype [-Wstrict-prototypes]
 void Around()
      ^~~~~~
main.c:499:6: warning: function declaration isn't a prototype [-Wstrict-prototypes]
 void prox_vals()
      ^~~~~~~~~
main.c:511:6: warning: function declaration isn't a prototype [-Wstrict-prototypes]
 void dist_vals()
      ^~~~~~~~~
main.c:569:6: warning: function declaration isn't a prototype [-Wstrict-prototypes]
 void follow()
      ^~~~~~
main.c:569:6: warning: conflicting types for 'follow'
main.c:437:9: note: previous implicit declaration of 'follow' was here
         follow();
         ^~~~~~
[1;34mLinking build/Project_template.elf[0m
[1;34mCreating build/Project_template.hex[0m
[1;34mCreating build/Project_template.bin[0m
[1;34mCreating build/Project_template.dmp[0m

   text	   data	    bss	    dec	    hex	filename
  79860	   3708	   9900	  93468	  16d1c	build/Project_template.elf
[1;34mCreating build/Project_template.list[0m

[1;34mDone[0m
15:19:51 **** Incremental Build of configuration Default for project Ehample_1h ****
make all 
make: Nothing to be done for 'all'.
15:20:00 **** Incremental Build of configuration Default for project Ehample_1h ****
make all 
make: Nothing to be done for 'all'.
15:22:02 **** Incremental Build of configuration Default for project Ehample_1h ****
make all 
[1;34mCompiling main.c[0m
main.c:383:1: warning: function declaration isn't a prototype [-Wstrict-prototypes]
 void Turn_right();        // Function to turn left
 ^~~~
main.c:384:1: warning: function declaration isn't a prototype [-Wstrict-prototypes]
 void Turn_left();         // Function to turn right
 ^~~~
main.c:385:1: warning: function declaration isn't a prototype [-Wstrict-prototypes]
 void reverse();           // Function to reverse
 ^~~~
main.c:386:1: warning: function declaration isn't a prototype [-Wstrict-prototypes]
 void forward();           // Function to move forward
 ^~~~
main.c:387:1: warning: function declaration isn't a prototype [-Wstrict-prototypes]
 void Around();            // Function to turn around
 ^~~~
main.c:388:1: warning: function declaration isn't a prototype [-Wstrict-prototypes]
 void stop();              // Function to stop the robot
 ^~~~
main.c:389:1: warning: function declaration isn't a prototype [-Wstrict-prototypes]
 void prox_vals();         // Function to get the proximity sensors data
 ^~~~
main.c:391:1: warning: function declaration isn't a prototype [-Wstrict-prototypes]
 void dist_vals();          // Function to obtain distance sensor value
 ^~~~
main.c: In function 'main':
main.c:437:9: warning: implicit declaration of function 'follow'; did you mean 'floor'? [-Wimplicit-function-declaration]
         follow();
         ^~~~~~
         floor
main.c:424:8: warning: unused variable 'Prox_thresh' [-Wunused-variable]
    int Prox_thresh = 200;
        ^~~~~~~~~~~
main.c: At top level:
main.c:459:6: warning: function declaration isn't a prototype [-Wstrict-prototypes]
 void stop()
      ^~~~
main.c:465:6: warning: function declaration isn't a prototype [-Wstrict-prototypes]
 void Turn_right()
      ^~~~~~~~~~
main.c:471:6: warning: function declaration isn't a prototype [-Wstrict-prototypes]
 void Turn_left()
      ^~~~~~~~~
main.c:477:6: warning: function declaration isn't a prototype [-Wstrict-prototypes]
 void reverse()
      ^~~~~~~
main.c:483:6: warning: function declaration isn't a prototype [-Wstrict-prototypes]
 void forward()
      ^~~~~~~
main.c:489:6: warning: function declaration isn't a prototype [-Wstrict-prototypes]
 void Around()
      ^~~~~~
main.c:499:6: warning: function declaration isn't a prototype [-Wstrict-prototypes]
 void prox_vals()
      ^~~~~~~~~
main.c:511:6: warning: function declaration isn't a prototype [-Wstrict-prototypes]
 void dist_vals()
      ^~~~~~~~~
main.c:569:6: warning: function declaration isn't a prototype [-Wstrict-prototypes]
 void follow()
      ^~~~~~
main.c:569:6: warning: conflicting types for 'follow'
main.c:437:9: note: previous implicit declaration of 'follow' was here
         follow();
         ^~~~~~
[1;34mLinking build/Project_template.elf[0m
[1;34mCreating build/Project_template.hex[0m
[1;34mCreating build/Project_template.bin[0m
[1;34mCreating build/Project_template.dmp[0m

   text	   data	    bss	    dec	    hex	filename
  79860	   3708	   9900	  93468	  16d1c	build/Project_template.elf
[1;34mCreating build/Project_template.list[0m

[1;34mDone[0m
15:22:10 **** Incremental Build of configuration Default for project Ehample_1h ****
make all 
make: Nothing to be done for 'all'.
15:23:04 **** Incremental Build of configuration Default for project Ehample_1h ****
make all 
[1;34mCompiling main.c[0m
main.c:383:1: warning: function declaration isn't a prototype [-Wstrict-prototypes]
 void Turn_right();        // Function to turn left
 ^~~~
main.c:384:1: warning: function declaration isn't a prototype [-Wstrict-prototypes]
 void Turn_left();         // Function to turn right
 ^~~~
main.c:385:1: warning: function declaration isn't a prototype [-Wstrict-prototypes]
 void reverse();           // Function to reverse
 ^~~~
main.c:386:1: warning: function declaration isn't a prototype [-Wstrict-prototypes]
 void forward();           // Function to move forward
 ^~~~
main.c:387:1: warning: function declaration isn't a prototype [-Wstrict-prototypes]
 void Around();            // Function to turn around
 ^~~~
main.c:388:1: warning: function declaration isn't a prototype [-Wstrict-prototypes]
 void stop();              // Function to stop the robot
 ^~~~
main.c:389:1: warning: function declaration isn't a prototype [-Wstrict-prototypes]
 void prox_vals();         // Function to get the proximity sensors data
 ^~~~
main.c:391:1: warning: function declaration isn't a prototype [-Wstrict-prototypes]
 void dist_vals();          // Function to obtain distance sensor value
 ^~~~
main.c: In function 'main':
main.c:437:9: warning: implicit declaration of function 'follow'; did you mean 'floor'? [-Wimplicit-function-declaration]
         follow();
         ^~~~~~
         floor
main.c:424:8: warning: unused variable 'Prox_thresh' [-Wunused-variable]
    int Prox_thresh = 200;
        ^~~~~~~~~~~
main.c: At top level:
main.c:459:6: warning: function declaration isn't a prototype [-Wstrict-prototypes]
 void stop()
      ^~~~
main.c:465:6: warning: function declaration isn't a prototype [-Wstrict-prototypes]
 void Turn_right()
      ^~~~~~~~~~
main.c:471:6: warning: function declaration isn't a prototype [-Wstrict-prototypes]
 void Turn_left()
      ^~~~~~~~~
main.c:477:6: warning: function declaration isn't a prototype [-Wstrict-prototypes]
 void reverse()
      ^~~~~~~
main.c:483:6: warning: function declaration isn't a prototype [-Wstrict-prototypes]
 void forward()
      ^~~~~~~
main.c:489:6: warning: function declaration isn't a prototype [-Wstrict-prototypes]
 void Around()
      ^~~~~~
main.c:499:6: warning: function declaration isn't a prototype [-Wstrict-prototypes]
 void prox_vals()
      ^~~~~~~~~
main.c:511:6: warning: function declaration isn't a prototype [-Wstrict-prototypes]
 void dist_vals()
      ^~~~~~~~~
main.c:569:6: warning: function declaration isn't a prototype [-Wstrict-prototypes]
 void follow()
      ^~~~~~
main.c:569:6: warning: conflicting types for 'follow'
main.c:437:9: note: previous implicit declaration of 'follow' was here
         follow();
         ^~~~~~
[1;34mLinking build/Project_template.elf[0m
[1;34mCreating build/Project_template.hex[0m
[1;34mCreating build/Project_template.bin[0m
[1;34mCreating build/Project_template.dmp[0m

   text	   data	    bss	    dec	    hex	filename
  79860	   3708	   9900	  93468	  16d1c	build/Project_template.elf
[1;34mCreating build/Project_template.list[0m

[1;34mDone[0m
15:23:08 **** Incremental Build of configuration Default for project Ehample_1h ****
make all 
make: Nothing to be done for 'all'.
15:23:11 **** Incremental Build of configuration Default for project Ehample_1h ****
make all 
make: Nothing to be done for 'all'.
15:23:21 **** Incremental Build of configuration Default for project Ehample_1h ****
make all 
make: Nothing to be done for 'all'.
15:24:32 **** Incremental Build of configuration Default for project Ehample_1h ****
make all 
[1;34mCompiling main.c[0m
main.c:383:1: warning: function declaration isn't a prototype [-Wstrict-prototypes]
 void Turn_right();        // Function to turn left
 ^~~~
main.c:384:1: warning: function declaration isn't a prototype [-Wstrict-prototypes]
 void Turn_left();         // Function to turn right
 ^~~~
main.c:385:1: warning: function declaration isn't a prototype [-Wstrict-prototypes]
 void reverse();           // Function to reverse
 ^~~~
main.c:386:1: warning: function declaration isn't a prototype [-Wstrict-prototypes]
 void forward();           // Function to move forward
 ^~~~
main.c:387:1: warning: function declaration isn't a prototype [-Wstrict-prototypes]
 void Around();            // Function to turn around
 ^~~~
main.c:388:1: warning: function declaration isn't a prototype [-Wstrict-prototypes]
 void stop();              // Function to stop the robot
 ^~~~
main.c:389:1: warning: function declaration isn't a prototype [-Wstrict-prototypes]
 void prox_vals();         // Function to get the proximity sensors data
 ^~~~
main.c:391:1: warning: function declaration isn't a prototype [-Wstrict-prototypes]
 void dist_vals();          // Function to obtain distance sensor value
 ^~~~
main.c: In function 'main':
main.c:437:9: warning: implicit declaration of function 'follow'; did you mean 'floor'? [-Wimplicit-function-declaration]
         follow();
         ^~~~~~
         floor
main.c:424:8: warning: unused variable 'Prox_thresh' [-Wunused-variable]
    int Prox_thresh = 200;
        ^~~~~~~~~~~
main.c: At top level:
main.c:459:6: warning: function declaration isn't a prototype [-Wstrict-prototypes]
 void stop()
      ^~~~
main.c:465:6: warning: function declaration isn't a prototype [-Wstrict-prototypes]
 void Turn_right()
      ^~~~~~~~~~
main.c:471:6: warning: function declaration isn't a prototype [-Wstrict-prototypes]
 void Turn_left()
      ^~~~~~~~~
main.c:477:6: warning: function declaration isn't a prototype [-Wstrict-prototypes]
 void reverse()
      ^~~~~~~
main.c:483:6: warning: function declaration isn't a prototype [-Wstrict-prototypes]
 void forward()
      ^~~~~~~
main.c:489:6: warning: function declaration isn't a prototype [-Wstrict-prototypes]
 void Around()
      ^~~~~~
main.c:499:6: warning: function declaration isn't a prototype [-Wstrict-prototypes]
 void prox_vals()
      ^~~~~~~~~
main.c:511:6: warning: function declaration isn't a prototype [-Wstrict-prototypes]
 void dist_vals()
      ^~~~~~~~~
main.c:569:6: warning: function declaration isn't a prototype [-Wstrict-prototypes]
 void follow()
      ^~~~~~
main.c:569:6: warning: conflicting types for 'follow'
main.c:437:9: note: previous implicit declaration of 'follow' was here
         follow();
         ^~~~~~
[1;34mLinking build/Project_template.elf[0m
[1;34mCreating build/Project_template.hex[0m
[1;34mCreating build/Project_template.bin[0m
[1;34mCreating build/Project_template.dmp[0m

   text	   data	    bss	    dec	    hex	filename
  79860	   3708	   9900	  93468	  16d1c	build/Project_template.elf
[1;34mCreating build/Project_template.list[0m

[1;34mDone[0m
15:24:34 **** Incremental Build of configuration Default for project Ehample_1h ****
make all 
make: Nothing to be done for 'all'.
15:24:40 **** Incremental Build of configuration Default for project Ehample_1h ****
make all 
make: Nothing to be done for 'all'.
15:24:48 **** Incremental Build of configuration Default for project Ehample_1h ****
make all 
make: Nothing to be done for 'all'.
15:26:13 **** Incremental Build of configuration Default for project Ehample_1h ****
make all 
[1;34mCompiling main.c[0m
main.c:383:1: warning: function declaration isn't a prototype [-Wstrict-prototypes]
 void Turn_right();        // Function to turn left
 ^~~~
main.c:384:1: warning: function declaration isn't a prototype [-Wstrict-prototypes]
 void Turn_left();         // Function to turn right
 ^~~~
main.c:385:1: warning: function declaration isn't a prototype [-Wstrict-prototypes]
 void reverse();           // Function to reverse
 ^~~~
main.c:386:1: warning: function declaration isn't a prototype [-Wstrict-prototypes]
 void forward();           // Function to move forward
 ^~~~
main.c:387:1: warning: function declaration isn't a prototype [-Wstrict-prototypes]
 void Around();            // Function to turn around
 ^~~~
main.c:388:1: warning: function declaration isn't a prototype [-Wstrict-prototypes]
 void stop();              // Function to stop the robot
 ^~~~
main.c:389:1: warning: function declaration isn't a prototype [-Wstrict-prototypes]
 void prox_vals();         // Function to get the proximity sensors data
 ^~~~
main.c:391:1: warning: function declaration isn't a prototype [-Wstrict-prototypes]
 void dist_vals();          // Function to obtain distance sensor value
 ^~~~
main.c: In function 'main':
main.c:437:9: warning: implicit declaration of function 'follow'; did you mean 'floor'? [-Wimplicit-function-declaration]
         follow();
         ^~~~~~
         floor
main.c:424:8: warning: unused variable 'Prox_thresh' [-Wunused-variable]
    int Prox_thresh = 200;
        ^~~~~~~~~~~
main.c: At top level:
main.c:459:6: warning: function declaration isn't a prototype [-Wstrict-prototypes]
 void stop()
      ^~~~
main.c:465:6: warning: function declaration isn't a prototype [-Wstrict-prototypes]
 void Turn_right()
      ^~~~~~~~~~
main.c:471:6: warning: function declaration isn't a prototype [-Wstrict-prototypes]
 void Turn_left()
      ^~~~~~~~~
main.c:477:6: warning: function declaration isn't a prototype [-Wstrict-prototypes]
 void reverse()
      ^~~~~~~
main.c:483:6: warning: function declaration isn't a prototype [-Wstrict-prototypes]
 void forward()
      ^~~~~~~
main.c:489:6: warning: function declaration isn't a prototype [-Wstrict-prototypes]
 void Around()
      ^~~~~~
main.c:499:6: warning: function declaration isn't a prototype [-Wstrict-prototypes]
 void prox_vals()
      ^~~~~~~~~
main.c:511:6: warning: function declaration isn't a prototype [-Wstrict-prototypes]
 void dist_vals()
      ^~~~~~~~~
main.c:569:6: warning: function declaration isn't a prototype [-Wstrict-prototypes]
 void follow()
      ^~~~~~
main.c:569:6: warning: conflicting types for 'follow'
main.c:437:9: note: previous implicit declaration of 'follow' was here
         follow();
         ^~~~~~
[1;34mLinking build/Project_template.elf[0m
[1;34mCreating build/Project_template.hex[0m
[1;34mCreating build/Project_template.bin[0m
[1;34mCreating build/Project_template.dmp[0m

   text	   data	    bss	    dec	    hex	filename
  79860	   3708	   9900	  93468	  16d1c	build/Project_template.elf
[1;34mCreating build/Project_template.list[0m

[1;34mDone[0m
15:26:18 **** Incremental Build of configuration Default for project Ehample_1h ****
make all 
make: Nothing to be done for 'all'.
15:27:59 **** Incremental Build of configuration Default for project Ehample_1h ****
make all 
[1;34mCompiling main.c[0m
main.c:383:1: warning: function declaration isn't a prototype [-Wstrict-prototypes]
 void Turn_right();        // Function to turn left
 ^~~~
main.c:384:1: warning: function declaration isn't a prototype [-Wstrict-prototypes]
 void Turn_left();         // Function to turn right
 ^~~~
main.c:385:1: warning: function declaration isn't a prototype [-Wstrict-prototypes]
 void reverse();           // Function to reverse
 ^~~~
main.c:386:1: warning: function declaration isn't a prototype [-Wstrict-prototypes]
 void forward();           // Function to move forward
 ^~~~
main.c:387:1: warning: function declaration isn't a prototype [-Wstrict-prototypes]
 void Around();            // Function to turn around
 ^~~~
main.c:388:1: warning: function declaration isn't a prototype [-Wstrict-prototypes]
 void stop();              // Function to stop the robot
 ^~~~
main.c:389:1: warning: function declaration isn't a prototype [-Wstrict-prototypes]
 void prox_vals();         // Function to get the proximity sensors data
 ^~~~
main.c:391:1: warning: function declaration isn't a prototype [-Wstrict-prototypes]
 void dist_vals();          // Function to obtain distance sensor value
 ^~~~
main.c: In function 'main':
main.c:437:9: warning: implicit declaration of function 'follow'; did you mean 'floor'? [-Wimplicit-function-declaration]
         follow();
         ^~~~~~
         floor
main.c:424:8: warning: unused variable 'Prox_thresh' [-Wunused-variable]
    int Prox_thresh = 200;
        ^~~~~~~~~~~
main.c: At top level:
main.c:459:6: warning: function declaration isn't a prototype [-Wstrict-prototypes]
 void stop()
      ^~~~
main.c:465:6: warning: function declaration isn't a prototype [-Wstrict-prototypes]
 void Turn_right()
      ^~~~~~~~~~
main.c:471:6: warning: function declaration isn't a prototype [-Wstrict-prototypes]
 void Turn_left()
      ^~~~~~~~~
main.c:477:6: warning: function declaration isn't a prototype [-Wstrict-prototypes]
 void reverse()
      ^~~~~~~
main.c:483:6: warning: function declaration isn't a prototype [-Wstrict-prototypes]
 void forward()
      ^~~~~~~
main.c:489:6: warning: function declaration isn't a prototype [-Wstrict-prototypes]
 void Around()
      ^~~~~~
main.c:499:6: warning: function declaration isn't a prototype [-Wstrict-prototypes]
 void prox_vals()
      ^~~~~~~~~
main.c:511:6: warning: function declaration isn't a prototype [-Wstrict-prototypes]
 void dist_vals()
      ^~~~~~~~~
main.c:569:6: warning: function declaration isn't a prototype [-Wstrict-prototypes]
 void follow()
      ^~~~~~
main.c:569:6: warning: conflicting types for 'follow'
main.c:437:9: note: previous implicit declaration of 'follow' was here
         follow();
         ^~~~~~
[1;34mLinking build/Project_template.elf[0m
[1;34mCreating build/Project_template.hex[0m
[1;34mCreating build/Project_template.bin[0m
[1;34mCreating build/Project_template.dmp[0m

   text	   data	    bss	    dec	    hex	filename
  79844	   3708	   9900	  93452	  16d0c	build/Project_template.elf
[1;34mCreating build/Project_template.list[0m

[1;34mDone[0m
15:28:11 **** Incremental Build of configuration Default for project Ehample_1h ****
make all 
[1;34mCompiling main.c[0m
main.c:383:1: warning: function declaration isn't a prototype [-Wstrict-prototypes]
 void Turn_right();        // Function to turn left
 ^~~~
main.c:384:1: warning: function declaration isn't a prototype [-Wstrict-prototypes]
 void Turn_left();         // Function to turn right
 ^~~~
main.c:385:1: warning: function declaration isn't a prototype [-Wstrict-prototypes]
 void reverse();           // Function to reverse
 ^~~~
main.c:386:1: warning: function declaration isn't a prototype [-Wstrict-prototypes]
 void forward();           // Function to move forward
 ^~~~
main.c:387:1: warning: function declaration isn't a prototype [-Wstrict-prototypes]
 void Around();            // Function to turn around
 ^~~~
main.c:388:1: warning: function declaration isn't a prototype [-Wstrict-prototypes]
 void stop();              // Function to stop the robot
 ^~~~
main.c:389:1: warning: function declaration isn't a prototype [-Wstrict-prototypes]
 void prox_vals();         // Function to get the proximity sensors data
 ^~~~
main.c:391:1: warning: function declaration isn't a prototype [-Wstrict-prototypes]
 void dist_vals();          // Function to obtain distance sensor value
 ^~~~
main.c: In function 'main':
main.c:437:9: warning: implicit declaration of function 'follow'; did you mean 'floor'? [-Wimplicit-function-declaration]
         follow();
         ^~~~~~
         floor
main.c:424:8: warning: unused variable 'Prox_thresh' [-Wunused-variable]
    int Prox_thresh = 200;
        ^~~~~~~~~~~
main.c: At top level:
main.c:459:6: warning: function declaration isn't a prototype [-Wstrict-prototypes]
 void stop()
      ^~~~
main.c:465:6: warning: function declaration isn't a prototype [-Wstrict-prototypes]
 void Turn_right()
      ^~~~~~~~~~
main.c:471:6: warning: function declaration isn't a prototype [-Wstrict-prototypes]
 void Turn_left()
      ^~~~~~~~~
main.c:477:6: warning: function declaration isn't a prototype [-Wstrict-prototypes]
 void reverse()
      ^~~~~~~
main.c:483:6: warning: function declaration isn't a prototype [-Wstrict-prototypes]
 void forward()
      ^~~~~~~
main.c:489:6: warning: function declaration isn't a prototype [-Wstrict-prototypes]
 void Around()
      ^~~~~~
main.c:499:6: warning: function declaration isn't a prototype [-Wstrict-prototypes]
 void prox_vals()
      ^~~~~~~~~
main.c:511:6: warning: function declaration isn't a prototype [-Wstrict-prototypes]
 void dist_vals()
      ^~~~~~~~~
main.c:569:6: warning: function declaration isn't a prototype [-Wstrict-prototypes]
 void follow()
      ^~~~~~
main.c:569:6: warning: conflicting types for 'follow'
main.c:437:9: note: previous implicit declaration of 'follow' was here
         follow();
         ^~~~~~
[1;34mLinking build/Project_template.elf[0m
[1;34mCreating build/Project_template.hex[0m
[1;34mCreating build/Project_template.bin[0m
[1;34mCreating build/Project_template.dmp[0m

   text	   data	    bss	    dec	    hex	filename
  79860	   3708	   9900	  93468	  16d1c	build/Project_template.elf
[1;34mCreating build/Project_template.list[0m

[1;34mDone[0m
15:28:13 **** Incremental Build of configuration Default for project Ehample_1h ****
make all 
make: Nothing to be done for 'all'.
15:31:03 **** Incremental Build of configuration Default for project Ehample_1h ****
make all 
[1;34mCompiling main.c[0m
main.c:50:1: warning: function declaration isn't a prototype [-Wstrict-prototypes]
 void Turn_right();        // Function to turn left
 ^~~~
main.c:51:1: warning: function declaration isn't a prototype [-Wstrict-prototypes]
 void Turn_left();         // Function to turn right
 ^~~~
main.c:52:1: warning: function declaration isn't a prototype [-Wstrict-prototypes]
 void reverse();           // Function to reverse
 ^~~~
main.c:53:1: warning: function declaration isn't a prototype [-Wstrict-prototypes]
 void forward();           // Function to move forward
 ^~~~
main.c:54:1: warning: function declaration isn't a prototype [-Wstrict-prototypes]
 void Around();            // Function to turn around
 ^~~~
main.c:55:1: warning: function declaration isn't a prototype [-Wstrict-prototypes]
 void prox_vals();         // Function to get the proximity sensors data
 ^~~~
main.c:58:1: warning: function declaration isn't a prototype [-Wstrict-prototypes]
 void stop();              // Function to stop the robot
 ^~~~
main.c: In function 'main':
main.c:84:9: warning: unused variable 'amb_light' [-Wunused-variable]
     int amb_light = get_ambient_light(0);       /* Is this necessary???????? */
         ^~~~~~~~~
main.c: At top level:
main.c:152:6: warning: function declaration isn't a prototype [-Wstrict-prototypes]
 void stop()
      ^~~~
main.c:158:6: warning: function declaration isn't a prototype [-Wstrict-prototypes]
 void Turn_right()
      ^~~~~~~~~~
main.c:164:6: warning: function declaration isn't a prototype [-Wstrict-prototypes]
 void Turn_left()
      ^~~~~~~~~
main.c:170:6: warning: function declaration isn't a prototype [-Wstrict-prototypes]
 void reverse()
      ^~~~~~~
main.c:176:6: warning: function declaration isn't a prototype [-Wstrict-prototypes]
 void forward()
      ^~~~~~~
main.c:182:6: warning: function declaration isn't a prototype [-Wstrict-prototypes]
 void Around()
      ^~~~~~
main.c:191:6: warning: function declaration isn't a prototype [-Wstrict-prototypes]
 void prox_vals()
      ^~~~~~~~~
[1;34mLinking build/Project_template.elf[0m
[1;34mCreating build/Project_template.hex[0m
[1;34mCreating build/Project_template.bin[0m
[1;34mCreating build/Project_template.dmp[0m

   text	   data	    bss	    dec	    hex	filename
  62164	   3004	   8540	  73708	  11fec	build/Project_template.elf
[1;34mCreating build/Project_template.list[0m

[1;34mDone[0m
15:31:05 **** Incremental Build of configuration Default for project Ehample_1h ****
make all 
make: Nothing to be done for 'all'.
15:32:14 **** Incremental Build of configuration Default for project Ehample_1h ****
make all 
[1;34mCompiling main.c[0m
main.c:50:1: warning: function declaration isn't a prototype [-Wstrict-prototypes]
 void Turn_right();        // Function to turn left
 ^~~~
main.c:51:1: warning: function declaration isn't a prototype [-Wstrict-prototypes]
 void Turn_left();         // Function to turn right
 ^~~~
main.c:52:1: warning: function declaration isn't a prototype [-Wstrict-prototypes]
 void reverse();           // Function to reverse
 ^~~~
main.c:53:1: warning: function declaration isn't a prototype [-Wstrict-prototypes]
 void forward();           // Function to move forward
 ^~~~
main.c:54:1: warning: function declaration isn't a prototype [-Wstrict-prototypes]
 void Around();            // Function to turn around
 ^~~~
main.c:55:1: warning: function declaration isn't a prototype [-Wstrict-prototypes]
 void prox_vals();         // Function to get the proximity sensors data
 ^~~~
main.c:58:1: warning: function declaration isn't a prototype [-Wstrict-prototypes]
 void stop();              // Function to stop the robot
 ^~~~
main.c: In function 'main':
main.c:84:9: warning: unused variable 'amb_light' [-Wunused-variable]
     int amb_light = get_ambient_light(0);       /* Is this necessary???????? */
         ^~~~~~~~~
main.c: At top level:
main.c:152:6: warning: function declaration isn't a prototype [-Wstrict-prototypes]
 void stop()
      ^~~~
main.c:158:6: warning: function declaration isn't a prototype [-Wstrict-prototypes]
 void Turn_right()
      ^~~~~~~~~~
main.c:164:6: warning: function declaration isn't a prototype [-Wstrict-prototypes]
 void Turn_left()
      ^~~~~~~~~
main.c:170:6: warning: function declaration isn't a prototype [-Wstrict-prototypes]
 void reverse()
      ^~~~~~~
main.c:176:6: warning: function declaration isn't a prototype [-Wstrict-prototypes]
 void forward()
      ^~~~~~~
main.c:182:6: warning: function declaration isn't a prototype [-Wstrict-prototypes]
 void Around()
      ^~~~~~
main.c:191:6: warning: function declaration isn't a prototype [-Wstrict-prototypes]
 void prox_vals()
      ^~~~~~~~~
[1;34mLinking build/Project_template.elf[0m
[1;34mCreating build/Project_template.hex[0m
[1;34mCreating build/Project_template.bin[0m
[1;34mCreating build/Project_template.dmp[0m

   text	   data	    bss	    dec	    hex	filename
  62148	   3004	   8540	  73692	  11fdc	build/Project_template.elf
[1;34mCreating build/Project_template.list[0m

[1;34mDone[0m
15:32:16 **** Incremental Build of configuration Default for project Ehample_1h ****
make all 
make: Nothing to be done for 'all'.
15:33:37 **** Incremental Build of configuration Default for project Ehample_1h ****
make all 
[1;34mCompiling main.c[0m
main.c:50:1: warning: function declaration isn't a prototype [-Wstrict-prototypes]
 void Turn_right();        // Function to turn left
 ^~~~
main.c:51:1: warning: function declaration isn't a prototype [-Wstrict-prototypes]
 void Turn_left();         // Function to turn right
 ^~~~
main.c:52:1: warning: function declaration isn't a prototype [-Wstrict-prototypes]
 void reverse();           // Function to reverse
 ^~~~
main.c:53:1: warning: function declaration isn't a prototype [-Wstrict-prototypes]
 void forward();           // Function to move forward
 ^~~~
main.c:54:1: warning: function declaration isn't a prototype [-Wstrict-prototypes]
 void Around();            // Function to turn around
 ^~~~
main.c:55:1: warning: function declaration isn't a prototype [-Wstrict-prototypes]
 void prox_vals();         // Function to get the proximity sensors data
 ^~~~
main.c:58:1: warning: function declaration isn't a prototype [-Wstrict-prototypes]
 void stop();              // Function to stop the robot
 ^~~~
main.c: In function 'main':
main.c:84:9: warning: unused variable 'amb_light' [-Wunused-variable]
     int amb_light = get_ambient_light(0);       /* Is this necessary???????? */
         ^~~~~~~~~
main.c: At top level:
main.c:152:6: warning: function declaration isn't a prototype [-Wstrict-prototypes]
 void stop()
      ^~~~
main.c:158:6: warning: function declaration isn't a prototype [-Wstrict-prototypes]
 void Turn_right()
      ^~~~~~~~~~
main.c:164:6: warning: function declaration isn't a prototype [-Wstrict-prototypes]
 void Turn_left()
      ^~~~~~~~~
main.c:170:6: warning: function declaration isn't a prototype [-Wstrict-prototypes]
 void reverse()
      ^~~~~~~
main.c:176:6: warning: function declaration isn't a prototype [-Wstrict-prototypes]
 void forward()
      ^~~~~~~
main.c:182:6: warning: function declaration isn't a prototype [-Wstrict-prototypes]
 void Around()
      ^~~~~~
main.c:191:6: warning: function declaration isn't a prototype [-Wstrict-prototypes]
 void prox_vals()
      ^~~~~~~~~
[1;34mLinking build/Project_template.elf[0m
[1;34mCreating build/Project_template.hex[0m
[1;34mCreating build/Project_template.bin[0m
[1;34mCreating build/Project_template.dmp[0m

   text	   data	    bss	    dec	    hex	filename
  62164	   3004	   8540	  73708	  11fec	build/Project_template.elf
[1;34mCreating build/Project_template.list[0m

[1;34mDone[0m
15:33:51 **** Incremental Build of configuration Default for project Ehample_1h ****
make all 
make: Nothing to be done for 'all'.
15:33:54 **** Incremental Build of configuration Default for project Ehample_1h ****
make all 
make: Nothing to be done for 'all'.
15:35:26 **** Incremental Build of configuration Default for project Ehample_1h ****
make all 
make: Nothing to be done for 'all'.
15:35:34 **** Incremental Build of configuration Default for project Ehample_1h ****
make all 
make: Nothing to be done for 'all'.
15:35:46 **** Incremental Build of configuration Default for project Ehample_1h ****
make all 
make: Nothing to be done for 'all'.
15:35:55 **** Incremental Build of configuration Default for project Ehample_1h ****
make all 
make: Nothing to be done for 'all'.
15:35:57 **** Incremental Build of configuration Default for project Ehample_1h ****
make all 
make: Nothing to be done for 'all'.
15:37:26 **** Incremental Build of configuration Default for project Ehample_1h ****
make all 
make: Nothing to be done for 'all'.
15:38:03 **** Incremental Build of configuration Default for project Ehample_1h ****
make all 
[1;34mCompiling main.c[0m
main.c:383:1: warning: function declaration isn't a prototype [-Wstrict-prototypes]
 void Turn_right();        // Function to turn left
 ^~~~
main.c:384:1: warning: function declaration isn't a prototype [-Wstrict-prototypes]
 void Turn_left();         // Function to turn right
 ^~~~
main.c:385:1: warning: function declaration isn't a prototype [-Wstrict-prototypes]
 void reverse();           // Function to reverse
 ^~~~
main.c:386:1: warning: function declaration isn't a prototype [-Wstrict-prototypes]
 void forward();           // Function to move forward
 ^~~~
main.c:387:1: warning: function declaration isn't a prototype [-Wstrict-prototypes]
 void Around();            // Function to turn around
 ^~~~
main.c:388:1: warning: function declaration isn't a prototype [-Wstrict-prototypes]
 void stop();              // Function to stop the robot
 ^~~~
main.c:389:1: warning: function declaration isn't a prototype [-Wstrict-prototypes]
 void prox_vals();         // Function to get the proximity sensors data
 ^~~~
main.c:391:1: warning: function declaration isn't a prototype [-Wstrict-prototypes]
 void dist_vals();          // Function to obtain distance sensor value
 ^~~~
main.c: In function 'main':
main.c:437:9: warning: implicit declaration of function 'follow'; did you mean 'floor'? [-Wimplicit-function-declaration]
         follow();
         ^~~~~~
         floor
main.c:424:8: warning: unused variable 'Prox_thresh' [-Wunused-variable]
    int Prox_thresh = 200;
        ^~~~~~~~~~~
main.c: At top level:
main.c:459:6: warning: function declaration isn't a prototype [-Wstrict-prototypes]
 void stop()
      ^~~~
main.c:465:6: warning: function declaration isn't a prototype [-Wstrict-prototypes]
 void Turn_right()
      ^~~~~~~~~~
main.c:471:6: warning: function declaration isn't a prototype [-Wstrict-prototypes]
 void Turn_left()
      ^~~~~~~~~
main.c:477:6: warning: function declaration isn't a prototype [-Wstrict-prototypes]
 void reverse()
      ^~~~~~~
main.c:483:6: warning: function declaration isn't a prototype [-Wstrict-prototypes]
 void forward()
      ^~~~~~~
main.c:489:6: warning: function declaration isn't a prototype [-Wstrict-prototypes]
 void Around()
      ^~~~~~
main.c:499:6: warning: function declaration isn't a prototype [-Wstrict-prototypes]
 void prox_vals()
      ^~~~~~~~~
main.c:511:6: warning: function declaration isn't a prototype [-Wstrict-prototypes]
 void dist_vals()
      ^~~~~~~~~
main.c:569:6: warning: function declaration isn't a prototype [-Wstrict-prototypes]
 void follow()
      ^~~~~~
main.c:569:6: warning: conflicting types for 'follow'
main.c:437:9: note: previous implicit declaration of 'follow' was here
         follow();
         ^~~~~~
[1;34mLinking build/Project_template.elf[0m
[1;34mCreating build/Project_template.hex[0m
[1;34mCreating build/Project_template.bin[0m
[1;34mCreating build/Project_template.dmp[0m

   text	   data	    bss	    dec	    hex	filename
  79860	   3708	   9900	  93468	  16d1c	build/Project_template.elf
[1;34mCreating build/Project_template.list[0m

[1;34mDone[0m
15:38:08 **** Incremental Build of configuration Default for project Ehample_1h ****
make all 
make: Nothing to be done for 'all'.
